
iteration,num_threads,num_nodes,max_payload_size,records_number,time(ms)
1,1,8,10240,2097152,181908
1,2,8,10240,2097152,222348
1,4,8,10240,2097152,176244
1,8,8,10240,2097152,179319
1,16,8,10240,2097152,295664
1,32,8,10240,2097152,186320
1,1,8,1048576,20480,233241
1,2,8,1048576,20480,241884
1,4,8,1048576,20480,344839
1,8,8,1048576,20480,272315
1,16,8,1048576,20480,375648
1,32,8,1048576,20480,326180
2,1,8,10240,2097152,283166
2,2,8,10240,2097152,327853
2,4,8,10240,2097152,363476
2,8,8,10240,2097152,270592
2,16,8,10240,2097152,246594
2,32,8,10240,2097152,259351
2,1,8,1048576,20480,304415
2,2,8,1048576,20480,226120
2,4,8,1048576,20480,251379
2,8,8,1048576,20480,224099
2,16,8,1048576,20480,203518
2,32,8,1048576,20480,235005
3,1,8,10240,2097152,308312
3,2,8,10240,2097152,231660
3,4,8,10240,2097152,264927
3,8,8,10240,2097152,231627
3,16,8,10240,2097152,292313
3,32,8,10240,2097152,278461
3,1,8,1048576,20480,321523
3,2,8,1048576,20480,271685
3,4,8,1048576,20480,254155
3,8,8,1048576,20480,236722
3,16,8,1048576,20480,453828
3,32,8,1048576,20480,324844
4,1,8,10240,2097152,247902
4,2,8,10240,2097152,278814
4,4,8,10240,2097152,215187
4,8,8,10240,2097152,210962
4,16,8,10240,2097152,423504
4,32,8,10240,2097152,268095
4,1,8,1048576,20480,278477
4,2,8,1048576,20480,251713
4,4,8,1048576,20480,228989
4,8,8,1048576,20480,303106
4,16,8,1048576,20480,279269
4,32,8,1048576,20480,317847
5,1,8,10240,2097152,300817
5,2,8,10240,2097152,243193
5,4,8,10240,2097152,233878
5,8,8,10240,2097152,208006
5,16,8,10240,2097152,242895
5,32,8,10240,2097152,202101
5,1,8,1048576,20480,267070
5,2,8,1048576,20480,246853
5,4,8,1048576,20480,231019
5,8,8,1048576,20480,310263
5,16,8,1048576,20480,247073
5,32,8,1048576,20480,206033
